// Jest Snapshot v1, https://goo.gl/fbAQLP

exports[`GameOver renders correctly 1`] = `<DocumentFragment />`;
